Added Component: Designator=IC1(8-Lead Plastic MSOP)
Add component (AddParameter): Name = "Footprint type"; Value = "SMD"; VariantName = "[No Variations]"
Add component (AddParameter): Name = "Manufacterer"; Value = "Linear Technology"; VariantName = "[No Variations]"
Add component (AddParameter): Name = "Model name"; Value = "LT3063"; VariantName = "[No Variations]"
Add component (AddParameter): Name = "Package"; Value = "SO-8"; VariantName = "[No Variations]"
Add component (AddParameter): Name = "Pin count"; Value = "8"; VariantName = "[No Variations]"
Added Component: Designator=U1(SOIC_N_EP)
Add component (AddParameter): Name = "Footprint type"; Value = "SMD"; VariantName = "[No Variations]"
Add component (AddParameter): Name = "Manufacterer"; Value = "Analog Devices"; VariantName = "[No Variations]"
Add component (AddParameter): Name = "Model name"; Value = "ADA4625-1"; VariantName = "[No Variations]"
Add component (AddParameter): Name = "Package"; Value = "SO-8"; VariantName = "[No Variations]"
Add component (AddParameter): Name = "Pin count"; Value = "8"; VariantName = "[No Variations]"
Added Pin To Net: NetName=NetC3_2 Pin=IC1-1
Added Pin To Net: NetName=NetC1_1 Pin=IC1-2
Added Pin To Net: NetName=NetC1_2 Pin=IC1-4
Added Pin To Net: NetName=NetIC1_5 Pin=IC1-5
Added Pin To Net: NetName=NetIC1_5 Pin=IC1-7
Added Pin To Net: NetName=GND Pin=IC1-8
Added Pin To Net: NetName=GND Pin=IC1-9
Added Pin To Net: NetName=NetR3_1 Pin=U1-2
Added Pin To Net: NetName=NetC4_2 Pin=U1-3
Added Pin To Net: NetName=GND Pin=U1-4
Added Pin To Net: NetName=NetR3_2 Pin=U1-6
Added Pin To Net: NetName=NetC1_2 Pin=U1-7
Added Pin To Net: NetName=GND Pin=U1-9
Added Member To Class: ClassName=Schemat_wzmacniacz_PSEL Member=Component IC1 LT3063
Added Member To Class: ClassName=Schemat_wzmacniacz_PSEL Member=Component U1 '
