Change component parameters: Designator = "C1" ("C1"); Footprint = "C0805"; UniqueID = "\JYSOBWSJ" ("\JYSOBWSJ")
Change component parameters (AddParameter): Name = "Footprint type"; Value = "SMD"; VariantName = "[No Variations]"
Change component parameters (AddParameter): Name = "Manufacterer"; Value = ""; VariantName = "[No Variations]"
Change component parameters (AddParameter): Name = "Package"; Value = "0805"; VariantName = "[No Variations]"
Change component parameters (AddParameter): Name = "Part number"; Value = ""; VariantName = "[No Variations]"
Change component parameters (AddParameter): Name = "Pin count"; Value = "2"; VariantName = "[No Variations]"
Change component parameters (AddParameter): Name = "Tolerance"; Value = ""; VariantName = "[No Variations]"
Change component parameters (AddParameter): Name = "Value"; Value = ""; VariantName = "[No Variations]"
Change component parameters: Designator = "C2" ("C2"); Footprint = "C0805"; UniqueID = "\YLSKDRXK" ("\YLSKDRXK")
Change component parameters (AddParameter): Name = "Footprint type"; Value = "SMD"; VariantName = "[No Variations]"
Change component parameters (AddParameter): Name = "Manufacterer"; Value = ""; VariantName = "[No Variations]"
Change component parameters (AddParameter): Name = "Package"; Value = "0805"; VariantName = "[No Variations]"
Change component parameters (AddParameter): Name = "Part number"; Value = ""; VariantName = "[No Variations]"
Change component parameters (AddParameter): Name = "Pin count"; Value = "2"; VariantName = "[No Variations]"
Change component parameters (AddParameter): Name = "Tolerance"; Value = ""; VariantName = "[No Variations]"
Change component parameters (AddParameter): Name = "Value"; Value = ""; VariantName = "[No Variations]"
Change component parameters: Designator = "C3" ("C3"); Footprint = "C0805"; UniqueID = "\EDPTYFAK" ("\EDPTYFAK")
Change component parameters (AddParameter): Name = "Footprint type"; Value = "SMD"; VariantName = "[No Variations]"
Change component parameters (AddParameter): Name = "Manufacterer"; Value = ""; VariantName = "[No Variations]"
Change component parameters (AddParameter): Name = "Package"; Value = "0805"; VariantName = "[No Variations]"
Change component parameters (AddParameter): Name = "Part number"; Value = ""; VariantName = "[No Variations]"
Change component parameters (AddParameter): Name = "Pin count"; Value = "2"; VariantName = "[No Variations]"
Change component parameters (AddParameter): Name = "Tolerance"; Value = ""; VariantName = "[No Variations]"
Change component parameters (AddParameter): Name = "Value"; Value = ""; VariantName = "[No Variations]"
Change component parameters: Designator = "C4" ("C4"); Footprint = "C0805"; UniqueID = "\ZQSNOLOE" ("\ZQSNOLOE")
Change component parameters (AddParameter): Name = "Footprint type"; Value = "SMD"; VariantName = "[No Variations]"
Change component parameters (AddParameter): Name = "Manufacterer"; Value = ""; VariantName = "[No Variations]"
Change component parameters (AddParameter): Name = "Package"; Value = "0805"; VariantName = "[No Variations]"
Change component parameters (AddParameter): Name = "Part number"; Value = ""; VariantName = "[No Variations]"
Change component parameters (AddParameter): Name = "Pin count"; Value = "2"; VariantName = "[No Variations]"
Change component parameters (AddParameter): Name = "Tolerance"; Value = ""; VariantName = "[No Variations]"
Change component parameters (AddParameter): Name = "Value"; Value = ""; VariantName = "[No Variations]"
Change component parameters: Designator = "R1" ("R1"); Footprint = "R0805"; UniqueID = "\MNZYHANQ" ("\MNZYHANQ")
Change component parameters (AddParameter): Name = "Footprint type"; Value = "SMD"; VariantName = "[No Variations]"
Change component parameters (AddParameter): Name = "Manufacterer"; Value = ""; VariantName = "[No Variations]"
Change component parameters (AddParameter): Name = "Package"; Value = "0805"; VariantName = "[No Variations]"
Change component parameters (AddParameter): Name = "Part number"; Value = ""; VariantName = "[No Variations]"
Change component parameters (AddParameter): Name = "Pin count"; Value = "2"; VariantName = "[No Variations]"
Change component parameters (AddParameter): Name = "Tolerance"; Value = ""; VariantName = "[No Variations]"
Change component parameters (AddParameter): Name = "Value"; Value = ""; VariantName = "[No Variations]"
Change component parameters: Designator = "R2" ("R2"); Footprint = "R0805"; UniqueID = "\CEVTWEAO" ("\CEVTWEAO")
Change component parameters (AddParameter): Name = "Footprint type"; Value = "SMD"; VariantName = "[No Variations]"
Change component parameters (AddParameter): Name = "Manufacterer"; Value = ""; VariantName = "[No Variations]"
Change component parameters (AddParameter): Name = "Package"; Value = "0805"; VariantName = "[No Variations]"
Change component parameters (AddParameter): Name = "Part number"; Value = ""; VariantName = "[No Variations]"
Change component parameters (AddParameter): Name = "Pin count"; Value = "2"; VariantName = "[No Variations]"
Change component parameters (AddParameter): Name = "Tolerance"; Value = ""; VariantName = "[No Variations]"
Change component parameters (AddParameter): Name = "Value"; Value = ""; VariantName = "[No Variations]"
Change component parameters: Designator = "R3" ("R3"); Footprint = "R0805"; UniqueID = "\LJWBPFNI" ("\LJWBPFNI")
Change component parameters (AddParameter): Name = "Footprint type"; Value = "SMD"; VariantName = "[No Variations]"
Change component parameters (AddParameter): Name = "Manufacterer"; Value = ""; VariantName = "[No Variations]"
Change component parameters (AddParameter): Name = "Package"; Value = "0805"; VariantName = "[No Variations]"
Change component parameters (AddParameter): Name = "Part number"; Value = ""; VariantName = "[No Variations]"
Change component parameters (AddParameter): Name = "Pin count"; Value = "2"; VariantName = "[No Variations]"
Change component parameters (AddParameter): Name = "Tolerance"; Value = ""; VariantName = "[No Variations]"
Change component parameters (AddParameter): Name = "Value"; Value = ""; VariantName = "[No Variations]"
Change component parameters: Designator = "R4" ("R4"); Footprint = "R0805"; UniqueID = "\EJOKDYXY" ("\EJOKDYXY")
Change component parameters (AddParameter): Name = "Footprint type"; Value = "SMD"; VariantName = "[No Variations]"
Change component parameters (AddParameter): Name = "Manufacterer"; Value = ""; VariantName = "[No Variations]"
Change component parameters (AddParameter): Name = "Package"; Value = "0805"; VariantName = "[No Variations]"
Change component parameters (AddParameter): Name = "Part number"; Value = ""; VariantName = "[No Variations]"
Change component parameters (AddParameter): Name = "Pin count"; Value = "2"; VariantName = "[No Variations]"
Change component parameters (AddParameter): Name = "Tolerance"; Value = ""; VariantName = "[No Variations]"
Change component parameters (AddParameter): Name = "Value"; Value = ""; VariantName = "[No Variations]"
Change component parameters: Designator = "R5" ("R5"); Footprint = "R0805"; UniqueID = "\HUMAPKXF" ("\HUMAPKXF")
Change component parameters (AddParameter): Name = "Footprint type"; Value = "SMD"; VariantName = "[No Variations]"
Change component parameters (AddParameter): Name = "Manufacterer"; Value = ""; VariantName = "[No Variations]"
Change component parameters (AddParameter): Name = "Package"; Value = "0805"; VariantName = "[No Variations]"
Change component parameters (AddParameter): Name = "Part number"; Value = ""; VariantName = "[No Variations]"
Change component parameters (AddParameter): Name = "Pin count"; Value = "2"; VariantName = "[No Variations]"
Change component parameters (AddParameter): Name = "Tolerance"; Value = ""; VariantName = "[No Variations]"
Change component parameters (AddParameter): Name = "Value"; Value = ""; VariantName = "[No Variations]"
