Change Footprint: Footprint Not Found J01151A1201
Change Footprint: Footprint Not Found J01151A1201
Change Component Comment : Designator=SMA1 Old Comment=SMA socket New Comment=J01151A1201
Change Component Comment : Designator=SMA2 Old Comment=SMA socket New Comment=J01151A1201
Added Component: Designator=R1(R0805)
Add component (AddParameter): Name = "Footprint type"; Value = "SMD"; VariantName = "[No Variations]"
Add component (AddParameter): Name = "Manufacterer"; Value = "Panasonic"; VariantName = "[No Variations]"
Add component (AddParameter): Name = "Package"; Value = "0805"; VariantName = "[No Variations]"
Add component (AddParameter): Name = "Part number"; Value = "ERJ-P06F1652V"; VariantName = "[No Variations]"
Add component (AddParameter): Name = "Pin count"; Value = "2"; VariantName = "[No Variations]"
Add component (AddParameter): Name = "Tolerance"; Value = "1%"; VariantName = "[No Variations]"
Add component (AddParameter): Name = "Value"; Value = "16.5k"; VariantName = "[No Variations]"
Added Component: Designator=R2(R0805)
Add component (AddParameter): Name = "Footprint type"; Value = "SMD"; VariantName = "[No Variations]"
Add component (AddParameter): Name = "Manufacterer"; Value = "Vishay"; VariantName = "[No Variations]"
Add component (AddParameter): Name = "Package"; Value = "0805"; VariantName = "[No Variations]"
Add component (AddParameter): Name = "Part number"; Value = "CRCW0805600RFKEAHP"; VariantName = "[No Variations]"
Add component (AddParameter): Name = "Pin count"; Value = "2"; VariantName = "[No Variations]"
Add component (AddParameter): Name = "Tolerance"; Value = "1%"; VariantName = "[No Variations]"
Add component (AddParameter): Name = "Value"; Value = "600"; VariantName = "[No Variations]"
Added Component: Designator=R3(R0805)
Add component (AddParameter): Name = "Footprint type"; Value = "SMD"; VariantName = "[No Variations]"
Add component (AddParameter): Name = "Manufacterer"; Value = "KOA Speer"; VariantName = "[No Variations]"
Add component (AddParameter): Name = "Package"; Value = "0805"; VariantName = "[No Variations]"
Add component (AddParameter): Name = "Part number"; Value = "RN73H2ATTD2912B25"; VariantName = "[No Variations]"
Add component (AddParameter): Name = "Pin count"; Value = "2"; VariantName = "[No Variations]"
Add component (AddParameter): Name = "Tolerance"; Value = "0.1%"; VariantName = "[No Variations]"
Add component (AddParameter): Name = "Value"; Value = "29.1k"; VariantName = "[No Variations]"
Added Component: Designator=R4(R0805)
Add component (AddParameter): Name = "Footprint type"; Value = "SMD"; VariantName = "[No Variations]"
Add component (AddParameter): Name = "Manufacterer"; Value = "Vishay/Beyschlag"; VariantName = "[No Variations]"
Add component (AddParameter): Name = "Package"; Value = "0805"; VariantName = "[No Variations]"
Add component (AddParameter): Name = "Part number"; Value = "MCU08050E1001BP100"; VariantName = "[No Variations]"
Add component (AddParameter): Name = "Pin count"; Value = "2"; VariantName = "[No Variations]"
Add component (AddParameter): Name = "Tolerance"; Value = "0.1%"; VariantName = "[No Variations]"
Add component (AddParameter): Name = "Value"; Value = "1k"; VariantName = "[No Variations]"
Added Component: Designator=R5(R0805)
Add component (AddParameter): Name = "Footprint type"; Value = "SMD"; VariantName = "[No Variations]"
Add component (AddParameter): Name = "Manufacterer"; Value = ""; VariantName = "[No Variations]"
Add component (AddParameter): Name = "Package"; Value = "0805"; VariantName = "[No Variations]"
Add component (AddParameter): Name = "Part number"; Value = ""; VariantName = "[No Variations]"
Add component (AddParameter): Name = "Pin count"; Value = "2"; VariantName = "[No Variations]"
Add component (AddParameter): Name = "Tolerance"; Value = ""; VariantName = "[No Variations]"
Add component (AddParameter): Name = "Value"; Value = ""; VariantName = "[No Variations]"
Added Pin To Net: NetName=NetC1_2 Pin=R1-1
Added Pin To Net: NetName=NetC1_1 Pin=R1-2
Added Pin To Net: NetName=NetC1_1 Pin=R2-1
Added Pin To Net: NetName=GND Pin=R2-2
Added Pin To Net: NetName=NetR3_1 Pin=R3-1
Added Pin To Net: NetName=NetR3_2 Pin=R3-2
Added Pin To Net: NetName=GND Pin=R4-1
Added Pin To Net: NetName=NetR3_1 Pin=R4-2
Added Pin To Net: NetName=NetC4_2 Pin=R5-1
Added Pin To Net: NetName=NetR5_2 Pin=R5-2
Added Member To Class: ClassName=Schemat_wzmacniacz_PSEL Member=Component R1 16.5k
Added Member To Class: ClassName=Schemat_wzmacniacz_PSEL Member=Component R2 600
Added Member To Class: ClassName=Schemat_wzmacniacz_PSEL Member=Component R3 29.1k
Added Member To Class: ClassName=Schemat_wzmacniacz_PSEL Member=Component R4 1k
Added Member To Class: ClassName=Schemat_wzmacniacz_PSEL Member=Component R5 10k
